[    0.000000] Linux version 4.15.0-212-generic (buildd@lcy02-amd64-083) (gcc version 7.5.0 (Ubuntu 7.5.0-3ubuntu1~18.04)) #223-Ubuntu SMP Tue May 23 13:09:22 UTC 2023 (Ubuntu 4.15.0-212.223-generic 4.15.18)
[    0.000000] Command line: BOOT_IMAGE=/boot/vmlinuz-4.15.0-212-generic root=LABEL=cloudimg-rootfs ro console=tty1 console=ttyS0
[    0.000000] KERNEL supported cpus:
[    0.000000]   Intel GenuineIntel
[    0.000000]   AMD AuthenticAMD
[    0.000000]   Centaur CentaurHauls
[    0.000000] x86/fpu: Supporting XSAVE feature 0x001: 'x87 floating point registers'
[    0.000000] x86/fpu: Supporting XSAVE feature 0x002: 'SSE registers'
[    0.000000] x86/fpu: Supporting XSAVE feature 0x004: 'AVX registers'
[    0.000000] x86/fpu: xstate_offset[2]:  576, xstate_sizes[2]:  256
[    0.000000] x86/fpu: Enabled xstate features 0x7, context size is 832 bytes, using 'standard' format.
[    0.000000] e820: BIOS-provided physical RAM map:
[    0.000000] BIOS-e820: [mem 0x0000000000000000-0x000000000009fbff] usable
[    0.000000] BIOS-e820: [mem 0x000000000009fc00-0x000000000009ffff] reserved
[    0.000000] BIOS-e820: [mem 0x00000000000f0000-0x00000000000fffff] reserved
[    0.000000] BIOS-e820: [mem 0x0000000000100000-0x000000003ffeffff] usable
[    0.000000] BIOS-e820: [mem 0x000000003fff0000-0x000000003fffffff] ACPI data
[    0.000000] BIOS-e820: [mem 0x00000000fec00000-0x00000000fec00fff] reserved
[    0.000000] BIOS-e820: [mem 0x00000000fee00000-0x00000000fee00fff] reserved
[    0.000000] BIOS-e820: [mem 0x00000000fffc0000-0x00000000ffffffff] reserved
[    0.000000] NX (Execute Disable) protection: active
[    0.000000] SMBIOS 2.5 present.
[    0.000000] DMI: innotek GmbH VirtualBox/VirtualBox, BIOS VirtualBox 12/01/2006
[    0.000000] Hypervisor detected: KVM
[    0.000000] e820: last_pfn = 0x3fff0 max_arch_pfn = 0x400000000
[    0.000000] MTRR: Disabled
[    0.000000] x86/PAT: MTRRs disabled, skipping PAT initialization too.
[    0.000000] CPU MTRRs all blank - virtualized system.
[    0.000000] x86/PAT: Configuration [0-7]: WB  WT  UC- UC  WB  WT  UC- UC  
[    0.000000] found SMP MP-table at [mem 0x0009fff0-0x0009ffff]
[    0.000000] Scanning 1 areas for low memory corruption
[    0.000000] RAMDISK: [mem 0x359cb000-0x36cdcfff]
[    0.000000] ACPI: Early table checksum verification disabled
[    0.000000] ACPI: RSDP 0x00000000000E0000 000024 (v02 VBOX  )
[    0.000000] ACPI: XSDT 0x000000003FFF0030 00003C (v01 VBOX   VBOXXSDT 00000001 ASL  00000061)
[    0.000000] ACPI: FACP 0x000000003FFF00F0 0000F4 (v04 VBOX   VBOXFACP 00000001 ASL  00000061)
[    0.000000] ACPI: DSDT 0x000000003FFF0610 002353 (v02 VBOX   VBOXBIOS 00000002 INTL 20100528)
[    0.000000] ACPI: FACS 0x000000003FFF0200 000040
[    0.000000] ACPI: FACS 0x000000003FFF0200 000040
[    0.000000] ACPI: APIC 0x000000003FFF0240 00005C (v02 VBOX   VBOXAPIC 00000001 ASL  00000061)
[    0.000000] ACPI: SSDT 0x000000003FFF02A0 00036C (v01 VBOX   VBOXCPUT 00000002 INTL 20100528)
[    0.000000] ACPI: Reserving FACP table memory at [mem 0x3fff00f0-0x3fff01e3]
[    0.000000] ACPI: Reserving DSDT table memory at [mem 0x3fff0610-0x3fff2962]
[    0.000000] ACPI: Reserving FACS table memory at [mem 0x3fff0200-0x3fff023f]
[    0.000000] ACPI: Reserving FACS table memory at [mem 0x3fff0200-0x3fff023f]
[    0.000000] ACPI: Reserving APIC table memory at [mem 0x3fff0240-0x3fff029b]
[    0.000000] ACPI: Reserving SSDT table memory at [mem 0x3fff02a0-0x3fff060b]
[    0.000000] No NUMA configuration found
[    0.000000] Faking a node at [mem 0x0000000000000000-0x000000003ffeffff]
[    0.000000] NODE_DATA(0) allocated [mem 0x3ffc5000-0x3ffeffff]
[    0.000000] kvm-clock: cpu 0, msr 0:3ff44001, primary cpu clock
[    0.000000] kvm-clock: Using msrs 4b564d01 and 4b564d00
[    0.000000] kvm-clock: using sched offset of 3547238079 cycles
[    0.000000] clocksource: kvm-clock: mask: 0xffffffffffffffff max_cycles: 0x1cd42e4dffb, max_idle_ns: 881590591483 ns
[    0.000000] Zone ranges:
[    0.000000]   DMA      [mem 0x0000000000001000-0x0000000000ffffff]
[    0.000000]   DMA32    [mem 0x0000000001000000-0x000000003ffeffff]
[    0.000000]   Normal   empty
[    0.000000]   Device   empty
[    0.000000] Movable zone start for each node
[    0.000000] Early memory node ranges
[    0.000000]   node   0: [mem 0x0000000000001000-0x000000000009efff]
[    0.000000]   node   0: [mem 0x0000000000100000-0x000000003ffeffff]
[    0.000000] Reserved but unavailable: 104 pages
[    0.000000] Initmem setup node 0 [mem 0x0000000000001000-0x000000003ffeffff]
[    0.000000] ACPI: PM-Timer IO Port: 0x4008
[    0.000000] IOAPIC[0]: apic_id 2, version 32, address 0xfec00000, GSI 0-23
[    0.000000] ACPI: INT_SRC_OVR (bus 0 bus_irq 0 global_irq 2 dfl dfl)
[    0.000000] ACPI: INT_SRC_OVR (bus 0 bus_irq 9 global_irq 9 low level)
[    0.000000] Using ACPI (MADT) for SMP configuration information
[    0.000000] smpboot: Allowing 2 CPUs, 0 hotplug CPUs
[    0.000000] PM: Registered nosave memory: [mem 0x00000000-0x00000fff]
[    0.000000] PM: Registered nosave memory: [mem 0x0009f000-0x0009ffff]
[    0.000000] PM: Registered nosave memory: [mem 0x000a0000-0x000effff]
[    0.000000] PM: Registered nosave memory: [mem 0x000f0000-0x000fffff]
[    0.000000] e820: [mem 0x40000000-0xfebfffff] available for PCI devices
[    0.000000] Booting paravirtualized kernel on KVM
[    0.000000] clocksource: refined-jiffies: mask: 0xffffffff max_cycles: 0xffffffff, max_idle_ns: 7645519600211568 ns
[    0.000000] setup_percpu: NR_CPUS:8192 nr_cpumask_bits:2 nr_cpu_ids:2 nr_node_ids:1
[    0.000000] percpu: Embedded 50 pages/cpu s167936 r8192 d28672 u1048576
[    0.000000] PV qspinlock hash table entries: 256 (order: 0, 4096 bytes)
[    0.000000] Built 1 zonelists, mobility grouping on.  Total pages: 257913
[    0.000000] Policy zone: DMA32
[    0.000000] Kernel command line: BOOT_IMAGE=/boot/vmlinuz-4.15.0-212-generic root=LABEL=cloudimg-rootfs ro console=tty1 console=ttyS0
[    0.000000] Memory: 982644K/1048120K available (12300K kernel code, 2477K rwdata, 4324K rodata, 2480K init, 2720K bss, 65476K reserved, 0K cma-reserved)
[    0.000000] SLUB: HWalign=64, Order=0-3, MinObjects=0, CPUs=2, Nodes=1
[    0.000000] ftrace: allocating 39508 entries in 155 pages
[    0.004000] Hierarchical RCU implementation.
[    0.004000] 	RCU restricting CPUs from NR_CPUS=8192 to nr_cpu_ids=2.
[    0.004000] 	Tasks RCU enabled.
[    0.004000] RCU: Adjusting geometry for rcu_fanout_leaf=16, nr_cpu_ids=2
[    0.004000] NR_IRQS: 524544, nr_irqs: 440, preallocated irqs: 16
[    0.004000] random: crng init done
[    0.004000] Console: colour VGA+ 80x25
[    0.004000] console [tty1] enabled
[    0.004000] console [ttyS0] enabled
[    0.004000] ACPI: Core revision 20170831
[    0.004000] ACPI: 2 ACPI AML tables successfully acquired and loaded
[    0.004000] APIC: Switch to symmetric I/O mode setup
[    0.004000] x2apic enabled
[    0.004000] Switched APIC routing to physical x2apic.
[    0.005846] ..TIMER: vector=0x30 apic1=0 pin1=2 apic2=-1 pin2=-1
[    0.008005] tsc: Detected 3110.400 MHz processor
[    0.012015] Calibrating delay loop (skipped) preset value.. 6220.80 BogoMIPS (lpj=12441600)
[    0.014648] pid_max: default: 32768 minimum: 301
[    0.016050] Security Framework initialized
[    0.017412] Yama: becoming mindful.
[    0.018588] AppArmor: AppArmor initialized
[    0.020359] Dentry cache hash table entries: 131072 (order: 8, 1048576 bytes)
[    0.024090] Inode-cache hash table entries: 65536 (order: 7, 524288 bytes)
[    0.026325] Mount-cache hash table entries: 2048 (order: 2, 16384 bytes)
[    0.028010] Mountpoint-cache hash table entries: 2048 (order: 2, 16384 bytes)
[    0.030735] Last level iTLB entries: 4KB 0, 2MB 0, 4MB 0
[    0.032005] Last level dTLB entries: 4KB 0, 2MB 0, 4MB 0, 1GB 0
[    0.033830] Spectre V1 : Mitigation: usercopy/swapgs barriers and __user pointer sanitization
[    0.036003] Spectre V2 : Mitigation: Retpolines
[    0.037475] Spectre V2 : Spectre v2 / SpectreRSB mitigation: Filling RSB on context switch
[    0.040004] Spectre V2 : Spectre v2 / SpectreRSB : Filling RSB on VMEXIT
[    0.042082] Speculative Store Bypass: Vulnerable
[    0.044327] Freeing SMP alternatives memory: 36K
[    0.159357] smpboot: CPU0: 12th Gen Intel(R) Core(TM) i5-12500H (family: 0x6, model: 0x9a, stepping: 0x3)
[    0.160000] Performance Events: unsupported p6 CPU model 154 no PMU driver, software events only.
[    0.160048] Hierarchical SRCU implementation.
[    0.164322] NMI watchdog: Perf event create on CPU 0 failed with -2
[    0.166432] NMI watchdog: Perf NMI watchdog permanently disabled
[    0.168063] smp: Bringing up secondary CPUs ...
[    0.169560] x86: Booting SMP configuration:
[    0.170915] .... node  #0, CPUs:      #1
[    0.004000] kvm-clock: cpu 1, msr 0:3ff44041, secondary cpu clock
[    0.188065] smp: Brought up 1 node, 2 CPUs
[    0.189336] smpboot: Max logical packages: 1
[    0.190700] smpboot: Total of 2 processors activated (12441.60 BogoMIPS)
[    0.192163] devtmpfs: initialized
[    0.193290] x86/mm: Memory block size: 128MB
[    0.196203] evm: security.selinux
[    0.197306] evm: security.SMACK64
[    0.198402] evm: security.SMACK64EXEC
[    0.199598] evm: security.SMACK64TRANSMUTE
[    0.200004] evm: security.SMACK64MMAP
[    0.201323] evm: security.apparmor
[    0.204002] evm: security.ima
[    0.204913] evm: security.capability
[    0.205814] clocksource: jiffies: mask: 0xffffffff max_cycles: 0xffffffff, max_idle_ns: 7645041785100000 ns
[    0.208019] futex hash table entries: 512 (order: 3, 32768 bytes)
[    0.210047] pinctrl core: initialized pinctrl subsystem
[    0.212325] RTC time: 10:30:55, date: 12/12/24
[    0.214099] NET: Registered protocol family 16
[    0.216089] audit: initializing netlink subsys (disabled)
[    0.217932] audit: type=2000 audit(1733999460.240:1): state=initialized audit_enabled=0 res=1
[    0.220036] cpuidle: using governor ladder
[    0.221088] cpuidle: using governor menu
[    0.222064] ACPI: bus type PCI registered
[    0.224007] acpiphp: ACPI Hot Plug PCI Controller Driver version: 0.5
[    0.226155] PCI: Using configuration type 1 for base access
[    0.229549] HugeTLB registered 2.00 MiB page size, pre-allocated 0 pages
[    0.232106] ACPI: Added _OSI(Module Device)
[    0.233486] ACPI: Added _OSI(Processor Device)
[    0.236006] ACPI: Added _OSI(3.0 _SCP Extensions)
[    0.237591] ACPI: Added _OSI(Processor Aggregator Device)
[    0.239296] ACPI: Added _OSI(Linux-Dell-Video)
[    0.240006] ACPI: Added _OSI(Linux-Lenovo-NV-HDMI-Audio)
[    0.241723] ACPI: Added _OSI(Linux-HPI-Hybrid-Graphics)
[    0.244542] ACPI: Executed 1 blocks of module-level executable AML code
[    0.252434] ACPI: Interpreter enabled
[    0.253768] ACPI: (supports S0 S5)
[    0.254907] ACPI: Using IOAPIC for interrupt routing
[    0.256410] PCI: Using host bridge windows from ACPI; if necessary, use "pci=nocrs" and report a bug
[    0.259517] ACPI: Enabled 2 GPEs in block 00 to 07
[    0.271034] ACPI: PCI Root Bridge [PCI0] (domain 0000 [bus 00-ff])
[    0.272018] acpi PNP0A03:00: _OSC: OS supports [ASPM ClockPM Segments MSI]
[    0.276529] acpi PNP0A03:00: _OSC: not requesting OS control; OS requires [ExtendedConfig ASPM ClockPM MSI]
[    0.279620] acpi PNP0A03:00: fail to add MMCONFIG information, can't access extended PCI configuration space under this bridge.
[    0.280635] PCI host bridge to bus 0000:00
[    0.284005] pci_bus 0000:00: root bus resource [io  0x0000-0x0cf7 window]
[    0.286123] pci_bus 0000:00: root bus resource [io  0x0d00-0xffff window]
[    0.288005] pci_bus 0000:00: root bus resource [mem 0x000a0000-0x000bffff window]
[    0.290325] pci_bus 0000:00: root bus resource [mem 0x40000000-0xfdffffff window]
[    0.292004] pci_bus 0000:00: root bus resource [bus 00-ff]
[    0.300497] pci 0000:00:01.1: legacy IDE quirk: reg 0x10: [io  0x01f0-0x01f7]
[    0.302792] pci 0000:00:01.1: legacy IDE quirk: reg 0x14: [io  0x03f6]
[    0.304005] pci 0000:00:01.1: legacy IDE quirk: reg 0x18: [io  0x0170-0x0177]
[    0.306306] pci 0000:00:01.1: legacy IDE quirk: reg 0x1c: [io  0x0376]
[    0.330044] pci 0000:00:07.0: quirk: [io  0x4000-0x403f] claimed by PIIX4 ACPI
[    0.332022] pci 0000:00:07.0: quirk: [io  0x4100-0x410f] claimed by PIIX4 SMB
[    0.347229] ACPI: PCI Interrupt Link [LNKA] (IRQs 5 9 10 *11)
[    0.348475] ACPI: PCI Interrupt Link [LNKB] (IRQs 5 9 *10 11)
[    0.350450] ACPI: PCI Interrupt Link [LNKC] (IRQs 5 *9 10 11)
[    0.352093] ACPI: PCI Interrupt Link [LNKD] (IRQs 5 9 10 *11)
[    0.354101] SCSI subsystem initialized
[    0.356064] pci 0000:00:02.0: vgaarb: setting as boot VGA device
[    0.357912] pci 0000:00:02.0: vgaarb: VGA device added: decodes=io+mem,owns=io+mem,locks=none
[    0.360010] pci 0000:00:02.0: vgaarb: bridge control possible
[    0.362405] vgaarb: loaded
[    0.364040] ACPI: bus type USB registered
[    0.365373] usbcore: registered new interface driver usbfs
[    0.368046] usbcore: registered new interface driver hub
[    0.369858] usbcore: registered new device driver usb
[    0.372024] EDAC MC: Ver: 3.0.0
[    0.373226] PCI: Using ACPI for IRQ routing
[    0.373865] NetLabel: Initializing
[    0.376005] NetLabel:  domain hash size = 128
[    0.377423] NetLabel:  protocols = UNLABELED CIPSOv4 CALIPSO
[    0.379213] NetLabel:  unlabeled traffic allowed by default
[    0.380110] clocksource: Switched to clocksource kvm-clock
[    0.395912] VFS: Disk quotas dquot_6.6.0
[    0.397328] VFS: Dquot-cache hash table entries: 512 (order 0, 4096 bytes)
[    0.399620] AppArmor: AppArmor Filesystem Enabled
[    0.401305] pnp: PnP ACPI init
[    0.403969] pnp: PnP ACPI: found 3 devices
[    0.415038] clocksource: acpi_pm: mask: 0xffffff max_cycles: 0xffffff, max_idle_ns: 2085701024 ns
[    0.418027] NET: Registered protocol family 2
[    0.419722] IP idents hash table entries: 16384 (order: 5, 131072 bytes)
[    0.422579] TCP established hash table entries: 8192 (order: 4, 65536 bytes)
[    0.424968] TCP bind hash table entries: 8192 (order: 5, 131072 bytes)
[    0.427104] TCP: Hash tables configured (established 8192 bind 8192)
[    0.429202] UDP hash table entries: 512 (order: 2, 16384 bytes)
[    0.431207] UDP-Lite hash table entries: 512 (order: 2, 16384 bytes)
[    0.433279] NET: Registered protocol family 1
[    0.435076] pci 0000:00:00.0: Limiting direct PCI/PCI transfers
[    0.437168] pci 0000:00:01.0: Activating ISA DMA hang workarounds
[    0.439510] pci 0000:00:02.0: Video device with shadowed ROM at [mem 0x000c0000-0x000dffff]
[    0.442609] Unpacking initramfs...
[    1.040258] Freeing initrd memory: 19528K
[    1.042823] clocksource: tsc: mask: 0xffffffffffffffff max_cycles: 0x2cd5a8bb032, max_idle_ns: 440795365915 ns
[    1.045503] platform rtc_cmos: registered platform RTC device (no PNP device found)
[    1.047210] Scanning for low memory corruption every 60 seconds
[    1.053915] Initialise system trusted keyrings
[    1.055158] Key type blacklist registered
[    1.056198] workingset: timestamp_bits=36 max_order=18 bucket_order=0
[    1.058468] zbud: loaded
[    1.059537] squashfs: version 4.0 (2009/01/31) Phillip Lougher
[    1.061633] fuse init (API version 7.26)
[    1.066492] Key type asymmetric registered
[    1.067609] Asymmetric key parser 'x509' registered
[    1.068654] Block layer SCSI generic (bsg) driver version 0.4 loaded (major 246)
[    1.070672] io scheduler noop registered
[    1.071421] io scheduler deadline registered
[    1.073018] io scheduler cfq registered (default)
[    1.074922] ACPI: AC Adapter [AC] (off-line)
[    1.076384] input: Power Button as /devices/LNXSYSTM:00/LNXPWRBN:00/input/input0
[    1.078809] ACPI: Power Button [PWRF]
[    1.079535] input: Sleep Button as /devices/LNXSYSTM:00/LNXSLPBN:00/input/input1
[    1.081961] ACPI: Sleep Button [SLPF]
[    1.084577] ACPI: Battery Slot [BAT0] (battery present)
[    1.085733] Serial: 8250/16550 driver, 32 ports, IRQ sharing enabled
[    1.110530] 00:02: ttyS0 at I/O 0x3f8 (irq = 4, base_baud = 115200) is a 16550A
[    1.116427] Linux agpgart interface v0.103
[    1.120092] loop: module loaded
[    1.122185] scsi host0: ata_piix
[    1.123442] scsi host1: ata_piix
[    1.124700] ata1: PATA max UDMA/33 cmd 0x1f0 ctl 0x3f6 bmdma 0xd000 irq 14
[    1.126190] ata2: PATA max UDMA/33 cmd 0x170 ctl 0x376 bmdma 0xd008 irq 15
[    1.127823] tun: Universal TUN/TAP device driver, 1.6
[    1.129978] PPP generic driver version 2.4.2
[    1.131108] ehci_hcd: USB 2.0 'Enhanced' Host Controller (EHCI) Driver
[    1.132541] ehci-pci: EHCI PCI platform driver
[    1.133960] ehci-platform: EHCI generic platform driver
[    1.135425] ohci_hcd: USB 1.1 'Open' Host Controller (OHCI) Driver
[    1.136769] ohci-pci: OHCI PCI platform driver
[    1.138104] ohci-platform: OHCI generic platform driver
[    1.139119] uhci_hcd: USB Universal Host Controller Interface driver
[    1.141869] i8042: PNP: PS/2 Controller [PNP0303:PS2K,PNP0f03:PS2M] at 0x60,0x64 irq 1,12
[    1.145315] serio: i8042 KBD port at 0x60,0x64 irq 1
[    1.146677] serio: i8042 AUX port at 0x60,0x64 irq 12
[    1.148122] mousedev: PS/2 mouse device common for all mice
[    1.151596] input: AT Translated Set 2 keyboard as /devices/platform/i8042/serio0/input/input2
[    1.154132] rtc_cmos rtc_cmos: rtc core: registered rtc_cmos as rtc0
[    1.155908] rtc_cmos rtc_cmos: alarms up to one day, 114 bytes nvram
[    1.157972] i2c /dev entries driver
[    1.159061] device-mapper: uevent: version 1.0.3
[    1.160192] device-mapper: ioctl: 4.37.0-ioctl (2017-09-20) initialised: dm-devel@redhat.com
[    1.162953] ledtrig-cpu: registered to indicate activity on CPUs
[    1.165506] NET: Registered protocol family 10
[    1.170538] Segment Routing with IPv6
[    1.171283] NET: Registered protocol family 17
[    1.172829] Key type dns_resolver registered
[    1.174468] mce: Using 0 MCE banks
[    1.175227] RAS: Correctable Errors collector initialized.
[    1.176784] sched_clock: Marking stable (1176743379, 0)->(1435432643, -258689264)
[    1.179257] registered taskstats version 1
[    1.180621] Loading compiled-in X.509 certificates
[    1.184865] Loaded X.509 cert 'Build time autogenerated kernel key: b5b26778eaa3ab3a4a6cee031137706e947d12ad'
[    1.187494] Loaded X.509 cert 'Canonical Ltd. Live Patch Signing: 14df34d1a87cf37625abec039ef2bf521249b969'
[    1.191214] Loaded X.509 cert 'Canonical Ltd. Kernel Module Signing: 88f752e560a1e0737e31163a466ad7b70a850c19'
[    1.194260] blacklist: Loading compiled-in revocation X.509 certificates
[    1.196164] Loaded X.509 cert 'Canonical Ltd. Secure Boot Signing: 61482aa2830d0ab2ad5af10b7250da9033ddcef0'
[    1.198265] Loaded X.509 cert 'Canonical Ltd. Secure Boot Signing (2017): 242ade75ac4a15e50d50c84b0d45ff3eae707a03'
[    1.200679] Loaded X.509 cert 'Canonical Ltd. Secure Boot Signing (ESM 2018): 365188c1d374d6b07c3c8f240f8ef722433d6a8b'
[    1.203772] Loaded X.509 cert 'Canonical Ltd. Secure Boot Signing (2019): c0746fd6c5da3ae827864651ad66ae47fe24b3e8'
[    1.205998] Loaded X.509 cert 'Canonical Ltd. Secure Boot Signing (2021 v1): a8d54bbb3825cfb94fa13c9f8a594a195c107b8d'
[    1.208587] Loaded X.509 cert 'Canonical Ltd. Secure Boot Signing (2021 v2): 4cf046892d6fd3c9a5b03f98d845f90851dc6a8c'
[    1.211177] Loaded X.509 cert 'Canonical Ltd. Secure Boot Signing (2021 v3): 100437bb6de6e469b581e61cd66bce3ef4ed53af'
[    1.215094] Loaded X.509 cert 'Canonical Ltd. Secure Boot Signing (Ubuntu Core 2019): c1d57b8f6b743f23ee41f4f7ee292f06eecadfb9'
[    1.219400] zswap: loaded using pool lzo/zbud
[    1.224685] Key type big_key registered
[    1.225580] Key type trusted registered
[    1.228246] Key type encrypted registered
[    1.228978] AppArmor: AppArmor sha1 policy hashing enabled
[    1.230249] ima: No TPM chip found, activating TPM-bypass! (rc=-19)
[    1.231513] ima: Allocated hash algorithm: sha1
[    1.232977] evm: HMAC attrs: 0x1
[    1.234420]   Magic number: 4:476:527
[    1.235330] rtc_cmos rtc_cmos: setting system clock to 2024-12-12 10:30:56 UTC (1733999456)
[    1.237651] BIOS EDD facility v0.16 2004-Jun-25, 0 devices found
[    1.239102] EDD information not available.
[    1.317523] Freeing unused kernel image memory: 2480K
[    2.188304] Write protecting the kernel read-only data: 20480k
[    2.191334] Freeing unused kernel image memory: 2008K
[    2.193609] Freeing unused kernel image memory: 1820K
[    2.205127] x86/mm: Checked W+X mappings: passed, no W+X pages found.
Loading, please wait...
starting version 237
[    2.290142] e1000: Intel(R) PRO/1000 Network Driver - version 7.3.21-k8-NAPI
[    2.292934] e1000: Copyright (c) 1999-2006 Intel Corporation.
[    2.304054] Fusion MPT base driver 3.04.20
[    2.305236] Copyright (c) 1999-2008 LSI Corporation
[    2.312520] Fusion MPT SPI Host driver 3.04.20
[    2.327082] AVX2 version of gcm_enc/dec engaged.
[    2.328750] AES CTR mode by8 optimization enabled
[    2.506060] input: ImExPS/2 Generic Explorer Mouse as /devices/platform/i8042/serio1/input/input4
[    2.769633] e1000 0000:00:03.0 eth0: (PCI:33MHz:32-bit) 02:3b:7b:b7:3b:2d
[    2.772113] e1000 0000:00:03.0 eth0: Intel(R) PRO/1000 Network Connection
[    3.225961] e1000 0000:00:08.0 eth1: (PCI:33MHz:32-bit) 08:00:27:f9:a3:49
[    3.228115] e1000 0000:00:08.0 eth1: Intel(R) PRO/1000 Network Connection
[    3.231967] e1000 0000:00:03.0 enp0s3: renamed from eth0
[    3.234250] mptbase: ioc0: Initiating bringup
[    3.248905] e1000 0000:00:08.0 enp0s8: renamed from eth1
[    3.786023] ioc0: LSI53C1030 A0: Capabilities={Initiator}
[    4.778398] scsi host2: ioc0: LSI53C1030 A0, FwRev=00000000h, Ports=1, MaxQ=256, IRQ=20
[    6.322709] scsi 2:0:0:0: Direct-Access     VBOX     HARDDISK         1.0  PQ: 0 ANSI: 5
[    6.356716] scsi target2:0:0: Beginning Domain Validation
[    6.362808] scsi target2:0:0: Domain Validation skipping write tests
[    6.364512] scsi target2:0:0: Ending Domain Validation
[    6.365640] scsi target2:0:0: asynchronous
[    6.367241] scsi 2:0:1:0: Direct-Access     VBOX     HARDDISK         1.0  PQ: 0 ANSI: 5
[    6.400685] scsi target2:0:1: Beginning Domain Validation
[    6.404776] scsi target2:0:1: Domain Validation skipping write tests
[    6.408904] scsi target2:0:1: Ending Domain Validation
[    6.411183] scsi target2:0:1: asynchronous
[    6.417123] sd 2:0:0:0: Attached scsi generic sg0 type 0
[    6.419267] sd 2:0:0:0: [sda] 83886080 512-byte logical blocks: (42.9 GB/40.0 GiB)
[    6.420822] sd 2:0:1:0: Attached scsi generic sg1 type 0
[    6.421890] sd 2:0:0:0: [sda] Write Protect is off
[    6.423022] sd 2:0:1:0: [sdb] 20480 512-byte logical blocks: (10.5 MB/10.0 MiB)
[    6.426313] sd 2:0:0:0: [sda] Incomplete mode parameter data
[    6.427989] sd 2:0:0:0: [sda] Assuming drive cache: write through
[    6.428105] sd 2:0:1:0: [sdb] Write Protect is off
[    6.432266] sd 2:0:1:0: [sdb] Incomplete mode parameter data
[    6.433938] sd 2:0:1:0: [sdb] Assuming drive cache: write through
[    6.439260]  sda: sda1
[    6.440681] sd 2:0:1:0: [sdb] Attached SCSI disk
[    6.442095] sd 2:0:0:0: [sda] Attached SCSI disk
Begin: Loading essential drivers ... [    8.171626] raid6: sse2x1   gen()  8792 MB/s
[    8.228525] raid6: sse2x1   xor()  5319 MB/s
[    8.280027] raid6: sse2x2   gen()  9438 MB/s
[    8.328358] raid6: sse2x2   xor()  5305 MB/s
[    8.376079] raid6: sse2x4   gen()  9301 MB/s
[    8.439447] raid6: sse2x4   xor()  5210 MB/s
[    8.488018] raid6: avx2x1   gen() 12447 MB/s
[    8.536351] raid6: avx2x1   xor()  8736 MB/s
[    8.589033] raid6: avx2x2   gen() 14382 MB/s
[    8.648431] raid6: avx2x2   xor() 12428 MB/s
[    8.704131] raid6: avx2x4   gen() 15619 MB/s
[    8.752071] raid6: avx2x4   xor()  6716 MB/s
[    8.753069] raid6: using algorithm avx2x4 gen() 15619 MB/s
[    8.754949] raid6: .... xor() 6716 MB/s, rmw enabled
[    8.756615] raid6: using avx2x2 recovery algorithm
[    8.760835] xor: automatically using best checksumming function   avx       
[    8.764946] async_tx: api initialized (async)
done.
Begin: Running /scripts/init-premount ... done.
Begin: Mounting root file system ... Begin: Running /scripts/local-top ... done.
Begin: Running /scripts/local-premount ... [    8.839883] Btrfs loaded, crc32c=crc32c-intel
Scanning for Btrfs filesystems
done.
Warning: fsck not present, so skipping root file system
[    8.886992] EXT4-fs (sda1): mounted filesystem with ordered data mode. Opts: (null)
done.
Begin: Running /scripts/local-bottom ... done.
Begin: Running /scripts/init-bottom ... done.
[    9.078982] ip_tables: (C) 2000-2006 Netfilter Core Team
[    9.092162] systemd[1]: systemd 237 running in system mode. (+PAM +AUDIT +SELINUX +IMA +APPARMOR +SMACK +SYSVINIT +UTMP +LIBCRYPTSETUP +GCRYPT +GNUTLS +ACL +XZ +LZ4 +SECCOMP +BLKID +ELFUTILS +KMOD -IDN2 +IDN -PCRE2 default-hierarchy=hybrid)
[    9.099036] systemd[1]: Detected virtualization oracle.
[    9.101284] systemd[1]: Detected architecture x86-64.

Welcome to [1mUbuntu 18.04.6 LTS[0m!

[    9.111461] systemd[1]: Set hostname to <ubuntu>.
[    9.115842] systemd[1]: Initializing machine ID from random generator.
[    9.118161] systemd[1]: Installed transient /etc/machine-id file.
[    9.485625] systemd[1]: Started Forward Password Requests to Wall Directory Watch.
[[0;32m  OK  [0m] Started Forward Password Requests to Wall Directory Watch.
[    9.916652] systemd[1]: Created slice System Slice.
[[0;32m  OK  [0m] Created slice System Slice.
[    9.920409] systemd[1]: Listening on Journal Audit Socket.
[[0;32m  OK  [0m] Listening on Journal Audit Socket.
[    9.924210] systemd[1]: Listening on /dev/initctl Compatibility Named Pipe.
[[0;32m  OK  [0m] Listening on /dev/initctl Compatibility Named Pipe.
[[0;32m  OK  [0m] Listening on Syslog Socket.
[[0;32m  OK  [0m] Listening on LVM2 poll daemon socket.
[[0;32m  OK  [0m] Created slice system-serial\x2dgetty.slice.
[[0;32m  OK  [0m] Listening on Device-mapper event daemon FIFOs.
[[0;32m  OK  [0m] Reached target Mounting snaps.
[[0;32m  OK  [0m] Reached target Mounted snaps.
[[0;32m  OK  [0m] Listening on Journal Socket (/dev/log).
[[0;32m  OK  [0m] Reached target Swap.
[[0;32m  OK  [0m] Listening on fsck to fsckd communication Socket.
[[0;32m  OK  [0m] Reached target User and Group Name Lookups.
[[0;32m  OK  [0m] Reached target System Time Synchronized.
[[0;32m  OK  [0m] Listening on udev Control Socket.
[[0;32m  OK  [0m] Listening on LVM2 metadata daemon socket.
[[0;32m  OK  [0m] Listening on Network Service Netlink Socket.
[[0;32m  OK  [0m] Listening on udev Kernel Socket.
[[0;32m  OK  [0m] Listening on Journal Socket.
         Mounting POSIX Message Queue File System...
         Mounting Huge Pages File System...
         Starting Load Kernel Modules...
         Starting udev Coldplug all Devices...
         Starting File System Check on Root Device...
         Starting Monitoring of LVM2 mirrorsâ€¦ng dmeventd or progress polling...
         Starting Journal Service...
         Starting Create list of required stâ€¦ce nodes for the current kernel...
[   11.220370] Loading iSCSI transport class v2.0-870.
         Mounting Kernel Debug File System...
[[0;32m  OK  [0m] Set up automount Arbitrary Executabâ€¦rmats File System Automount Point.
[   11.230516] iscsi: registered transport (tcp)
         Starting Uncomplicated firewall...
[[0;32m  OK  [0m] Created slice User and Session Slice.
[[0;32m  OK  [0m] Reached target Slices.
         Starting Set the console keyboard layout...
[[0;32m  OK  [0m] Started Journal Service.
[[0;32m  OK  [0m] Mounted POSIX Message Queue File System.
[[0;32m  OK  [0m] Mounted Huge Pages File System.
[[0;32m  OK  [0m] Started Create list of required staâ€¦vice nodes for the current kernel.
[[0;32m  OK  [0m] Mounted Kernel Debug File System.
[[0;32m  OK  [0m] Started File System Check on Root Device.
[[0;32m  OK  [0m] Started LVM2 metadata daemon.
[[0;32m  OK  [0m] Started File System Check Daemon to report status.
         Starting Remount Root and Kernel File Systems...
         Starting Create Static Device Nodes in /dev...
[   11.379575] iscsi: registered transport (iser)
[[0;32m  OK  [0m] Started Uncomplicated firewall.
[[0;32m  OK  [0m] Started Load Kernel Modules.
[[0;32m  OK  [0m] Started udev Coldplug all Devices.
         Mounting Kernel Configuration File System...
         Mounting FUSE Control File System...
         Starting Apply Kernel Variables...
[[0;32m  OK  [0m] Mounted Kernel Configuration File System.
[[0;32m  OK  [0m] Mounted FUSE Control File System.
[[0;32m  OK  [0m] Started Create Static Device Nodes in /dev.
[[0;32m  OK  [0m] Started Remount Root and Kernel File Systems.
         Starting Load/Save Random Seed...
         Starting Flush Journal to Persistent Storage...
         Starting udev Kernel Device Manager...
[[0;32m  OK  [0m] Started Monitoring of LVM2 mirrors,â€¦sing dmeventd or progress polling.
[[0;32m  OK  [0m] Started Apply Kernel Variables.
[[0;32m  OK  [0m] Started Load/Save Random Seed.
[[0;32m  OK  [0m] Started udev Kernel Device Manager.
[[0;32m  OK  [0m] Started Flush Journal to Persistent Storage.
[[0;32m  OK  [0m] Found device /dev/ttyS0.
[[0;32m  OK  [0m] Listening on Load/Save RF Kill Switch Status /dev/rfkill Watch.
         Mounting Arbitrary Executable File Formats File System...
[[0;32m  OK  [0m] Mounted Arbitrary Executable File Formats File System.
[[0;32m  OK  [0m] Started Set the console keyboard layout.
[[0;32m  OK  [0m] Reached target Local File Systems (Pre).
[[0;32m  OK  [0m] Reached target Local File Systems.
         Starting ebtables ruleset management...
         Starting Tell Plymouth To Write Out Runtime Data...
         Starting AppArmor initialization...
         Starting Commit a transient machine-id on disk...
         Starting Set console font and keymap...
         Starting Create Volatile Files and Directories...
[[0;32m  OK  [0m] Started Dispatch Password Requests to Console Directory Watch.
[[0;32m  OK  [0m] Reached target Local Encrypted Volumes.
[[0;32m  OK  [0m] Started Tell Plymouth To Write Out Runtime Data.
[[0;32m  OK  [0m] Started Create Volatile Files and Directories.
         Starting Update UTMP about System Boot/Shutdown...
[[0;32m  OK  [0m] Started Update UTMP about System Boot/Shutdown.
[[0;32m  OK  [0m] Started Commit a transient machine-id on disk.
[[0;32m  OK  [0m] Started ebtables ruleset management.
[[0;32m  OK  [0m] Started AppArmor initialization.
         Starting Initial cloud-init job (pre-networking)...
         Starting Load AppArmor profiles managed internally by snapd...
[[0;32m  OK  [0m] Started Load AppArmor profiles managed internally by snapd.
[[0;32m  OK  [0m] Started Set console font and keymap.
[   15.741184] cloud-init[666]: Cloud-init v. 23.1.2-0ubuntu0~18.04.1 running 'init-local' at Thu, 12 Dec 2024 10:31:10 +0000. Up 15.31 seconds.
[[0;32m  OK  [0m] Started Initial cloud-init job (pre-networking).
[[0;32m  OK  [0m] Reached target Network (Pre).
         Starting Network Service...
[[0;32m  OK  [0m] Started Network Service.
         Starting Wait for Network to be Configured...
         Starting Network Name Resolution...
[[0;32m  OK  [0m] Started Network Name Resolution.
[[0;32m  OK  [0m] Reached target Host and Network Name Lookups.
[[0;32m  OK  [0m] Reached target Network.
[[0;32m  OK  [0m] Started Wait for Network to be Configured.
         Starting Initial cloud-init job (metadata service crawler)...
[   17.999810] cloud-init[968]: Cloud-init v. 23.1.2-0ubuntu0~18.04.1 running 'init' at Thu, 12 Dec 2024 10:31:13 +0000. Up 17.80 seconds.
[   18.002458] cloud-init[968]: ci-info: ++++++++++++++++++++++++++++++++++++++Net device info+++++++++++++++++++++++++++++++++++++++
[   18.012315] cloud-init[968]: ci-info: +--------+-------+----------------------------+---------------+--------+-------------------+
[   18.013865] cloud-init[968]: ci-info: | Device |   Up  |          Address           |      Mask     | Scope  |     Hw-Address    |
[   18.016336] cloud-init[968]: ci-info: +--------+-------+----------------------------+---------------+--------+-------------------+
[   18.018487] cloud-init[968]: ci-info: | enp0s3 |  True |         10.0.2.15          | 255.255.255.0 | global | 02:3b:7b:b7:3b:2d |
[   18.020519] cloud-init[968]: ci-info: | enp0s3 |  True | fe80::3b:7bff:feb7:3b2d/64 |       .       |  link  | 02:3b:7b:b7:3b:2d |
[   18.023042] cloud-init[968]: ci-info: | enp0s8 | False |             .              |       .       |   .    | 08:00:27:f9:a3:49 |
[   18.025519] cloud-init[968]: ci-info: |   lo   |  True |         127.0.0.1          |   255.0.0.0   |  host  |         .         |
[   18.028148] cloud-init[968]: ci-info: |   lo   |  True |          ::1/128           |       .       |  host  |         .         |
[   18.030635] cloud-init[968]: ci-info: +--------+-------+----------------------------+---------------+--------+-------------------+
[   18.033203] cloud-init[968]: ci-info: ++++++++++++++++++++++++++++Route IPv4 info+++++++++++++++++++++++++++++
[   18.035460] cloud-init[968]: ci-info: +-------+-------------+----------+-----------------+-----------+-------+
[   18.037379] cloud-init[968]: ci-info: | Route | Destination | Gateway  |     Genmask     | Interface | Flags |
[   18.039366] cloud-init[968]: ci-info: +-------+-------------+----------+-----------------+-----------+-------+
[   18.041043] cloud-init[968]: ci-info: |   0   |   0.0.0.0   | 10.0.2.2 |     0.0.0.0     |   enp0s3  |   UG  |
[   18.043167] cloud-init[968]: ci-info: |   1   |   10.0.2.0  | 0.0.0.0  |  255.255.255.0  |   enp0s3  |   U   |
[   18.045191] cloud-init[968]: ci-info: |   2   |   10.0.2.2  | 0.0.0.0  | 255.255.255.255 |   enp0s3  |   UH  |
[   18.047221] cloud-init[968]: ci-info: +-------+-------------+----------+-----------------+-----------+-------+
[   18.049438] cloud-init[968]: ci-info: +++++++++++++++++++Route IPv6 info+++++++++++++++++++
[   18.060298] cloud-init[968]: ci-info: +-------+-------------+---------+-----------+-------+
[   18.061616] cloud-init[968]: ci-info: | Route | Destination | Gateway | Interface | Flags |
[   18.063466] cloud-init[968]: ci-info: +-------+-------------+---------+-----------+-------+
[   18.065195] cloud-init[968]: ci-info: |   1   |  fe80::/64  |    ::   |   enp0s3  |   U   |
[   18.066814] cloud-init[968]: ci-info: |   3   |    local    |    ::   |   enp0s3  |   U   |
[   18.069024] cloud-init[968]: ci-info: |   4   |   ff00::/8  |    ::   |   enp0s3  |   U   |
[   18.070924] cloud-init[968]: ci-info: +-------+-------------+---------+-----------+-------+
[   18.815802] cloud-init[968]: Generating public/private rsa key pair.
[   18.832177] cloud-init[968]: Your identification has been saved in /etc/ssh/ssh_host_rsa_key.
[   18.833992] cloud-init[968]: Your public key has been saved in /etc/ssh/ssh_host_rsa_key.pub.
[   18.856359] cloud-init[968]: The key fingerprint is:
[   18.857411] cloud-init[968]: SHA256:/xtKvH/GH2J7hAXMEwkefV79fVQkT40THloQ1lVKJZU root@ubuntu-bionic
[   18.858875] cloud-init[968]: The key's randomart image is:
[   18.860501] cloud-init[968]: +---[RSA 2048]----+
[   18.862152] cloud-init[968]: |           oO=XB#|
[   18.865171] cloud-init[968]: |          ...%+E=|
[   18.866926] cloud-init[968]: |           .. Bo=|
[   18.867869] cloud-init[968]: |               o+|
[   18.869172] cloud-init[968]: |        S     o .|
[   18.870555] cloud-init[968]: |         o   . . |
[   18.871885] cloud-init[968]: |          + .+.. |
[   18.872599] cloud-init[968]: |         . +..*..|
[   18.873587] cloud-init[968]: |          o.+=...|
[   18.874619] cloud-init[968]: +----[SHA256]-----+
[   18.875397] cloud-init[968]: Generating public/private dsa key pair.
[   18.876412] cloud-init[968]: Your identification has been saved in /etc/ssh/ssh_host_dsa_key.
[   18.877679] cloud-init[968]: Your public key has been saved in /etc/ssh/ssh_host_dsa_key.pub.
[   18.878755] cloud-init[968]: The key fingerprint is:
[   18.879607] cloud-init[968]: SHA256:c36rg1ldyFT36Nk3KCX8XDex+vLhihRjUt0WbBOHp1I root@ubuntu-bionic
[   18.881038] cloud-init[968]: The key's randomart image is:
[   18.881888] cloud-init[968]: +---[DSA 1024]----+
[   18.882591] cloud-init[968]: |             .o=+|
[   18.883182] cloud-init[968]: |          . o E*B|
[   18.883977] cloud-init[968]: |           * =oO+|
[   18.885128] cloud-init[968]: |          . O.Boo|
[   18.885914] cloud-init[968]: |        S..* Bo.o|
[   18.886752] cloud-init[968]: |         ++ = . o|
[   18.887649] cloud-init[968]: |         +.... o |
[   18.888747] cloud-init[968]: |        o o...+ .|
[   18.900327] cloud-init[968]: |          .+...o |
[   18.902116] cloud-init[968]: +----[SHA256]-----+
[   18.903335] cloud-init[968]: Generating public/private ecdsa key pair.
[[0;32m  OK  [0m] Started Initial cloud-init job (metadata service crawler).
[   18.920472] cloud-init[968]: Your identification has been saved in /etc/ssh/ssh_host_ecdsa_key.
[   18.922616] cloud-init[968]: Your public key has been saved in /etc/ssh/ssh_host_ecdsa_key.pub.
[   18.923735] cloud-init[968]: The key fingerprint is:
[   18.924458] cloud-init[968]: SHA256:sRusszkRuaPJ8dv1Ltvq0xXlizEz7tZhqRBDPZq/Rfo root@ubuntu-bionic
[   18.925921] cloud-init[968]: The key's randomart image is:
[   18.925968] cloud-init[968]: +---[ECDSA 256]---+
[[0;32m  OK  [0m] Reached target System Initialization.
[   18.926056] cloud-init[968]: |            .    |
[[   18.929531] cloud-init[968]: |           . o  .|
[   18.929695] cloud-init[968]: |       .. . o .o |
[   18.930625] cloud-init[968]: |      o. o = =...|
[   18.931545] cloud-init[968]: |       oS   = O.o|
[0;32m  OK  [0m] Listening on Open-iSCSI iscsid Socket.
[   18.932368] cloud-init[968]: |    . +. o . =.* |
[   18.934617] cloud-init[968]: |   . =oo. ..o.B .|
[   18.935637] cloud-init[968]: |    + o= .oo.= E |
[   18.935730] cloud-init[968]: |      +o..+*=    |
[   18.936888] cloud-init[968]: +----[SHA256]-----+
[   18.937678] cloud-init[968]: Generating public/private ed25519 key pair.
[   18.938531] cloud-init[968]: Your identification has been saved in /etc/ssh/ssh_host_ed25519_key.
[   18.939342] cloud-init[968]: Your public key has been saved in /etc/ssh/ssh_host_ed25519_key.pub.
[   18.939778] cloud-init[968]: The key fingerprint is:
[   18.940592] cloud-init[968]: SHA256:lbkV2yWv4R/T6EX2GV5ZTZ3BLt0nKE02RJZeNZ3dN94 root@ubuntu-bionic
[   18.941237] cloud-init[968]: The key's randomart image is:
[   18.941833] cloud-init[968]: +--[ED25519 256]--+
[   18.942204] cloud-init[968]: |           o=.o=#|
[   18.943273] cloud-init[968]: |           +=+.O@|
[   18.943828] cloud-init[968]: |          +=o+*oX|
[   18.944380] cloud-init[968]: |         ..o+ooXE|
[   18.944926] cloud-init[968]: |        S ..  =*=|
[   18.945483] cloud-init[968]: |             . oo|
[   18.946014] cloud-init[968]: |              . .|
[   18.946850] cloud-init[968]: |                 |
[   18.947401] cloud-init[968]: |                 |
[   18.948188] cloud-init[968]: +----[SHA256]-----+
[[0;32m  OK  [0m] Started Discard unused blocks once a week.
[[0;32m  OK  [0m] Listening on D-Bus System Message Bus Socket.
[[0;32m  OK  [0m] Started ACPI Events Check.
[[0;32m  OK  [0m] Reached target Paths.
[[0;32m  OK  [0m] Listening on cloud-init hotplug hook socket.
[[0;32m  OK  [0m] Started Daily Cleanup of Temporary Directories.
[[0;32m  OK  [0m] Started Ubuntu Advantage Timer for running repeated jobs.
[[0;32m  OK  [0m] Started Message of the Day.
[[0;32m  OK  [0m] Listening on ACPID Listen Socket.
         Starting LXD - unix socket.
         Starting Socket activation for snappy daemon.
[[0;32m  OK  [0m] Listening on UUID daemon activation socket.
[[0;32m  OK  [0m] Started Daily apt download activities.
[[0;32m  OK  [0m] Started Daily apt upgrade and clean activities.
[[0;32m  OK  [0m] Reached target Timers.
[[0;32m  OK  [0m] Reached target Network is Online.
[[0;32m  OK  [0m] Reached target Remote File Systems (Pre).
[[0;32m  OK  [0m] Reached target Remote File Systems.
         Starting Availability of block devices...
[[0;32m  OK  [0m] Reached target Cloud-config availability.
[[0;32m  OK  [0m] Listening on LXD - unix socket.
[[0;32m  OK  [0m] Listening on Socket activation for snappy daemon.
[[0;32m  OK  [0m] Reached target Sockets.
[[0;32m  OK  [0m] Reached target Basic System.
[[0;32m  OK  [0m] Started Deferred execution scheduler.
[[0;32m  OK  [0m] Started irqbalance daemon.
[[0;32m  OK  [0m] Started FUSE filesystem for LXC.
[[0;32m  OK  [0m] Started D-Bus System Message Bus.
         Starting Virtualbox guest utils...
[[0;32m  OK  [0m] Started Regular background program processing daemon.
         Starting Dispatcher daemon for systemd-networkd...
         Starting Accounts Service...
         Starting LSB: Record successful boot for GRUB...
         Starting LSB: automatic crash report generation...
         Starting Login Service...
         Starting Permit User Sessions...
         Starting Pollinate to seed the pseudo random number generator...
         Starting System Logging Service...
[[0;32m  OK  [0m] Reached target Login Prompts (Pre).
         Starting Snap Daemon...
         Starting LXD - container startup/shutdown...
[[0;32m  OK  [0m] Started System Logging Service.
[[0;32m  OK  [0m] Started Availability of block devices.
[[0;32m  OK  [0m] Started Permit User Sessions.
[[0;32m  OK  [0m] Started Login Service.
[[0;32m  OK  [0m] Started Unattended Upgrades Shutdown.
         Starting Terminate Plymouth Boot Screen...
         Starting Hold until boot process finishes up...
[[0;32m  OK  [0m] Started Hold until boot process finishes up.
[[0;32m  OK  [0m] Started Serial Getty on ttyS0.
         Starting Set console scheme...
[[0;32m  OK  [0m] Started Terminate Plymouth Boot Screen.
[[0;32m  OK  [0m] Started LSB: automatic crash report generation.
         Starting Authorization Manager...
[[0;32m  OK  [0m] Started LSB: Record successful boot for GRUB.
[[0;32m  OK  [0m] Started Authorization Manager.
[[0;32m  OK  [0m] Started Accounts Service.
[[0;32m  OK  [0m] Started Set console scheme.
[[0;32m  OK  [0m] Created slice system-getty.slice.
[[0;32m  OK  [0m] Started Getty on tty1.
[[0;32m  OK  [0m] Reached target Login Prompts.
[[0;32m  OK  [0m] Started Virtualbox guest utils.
[[0;32m  OK  [0m] Started LXD - container startup/shutdown.
[[0;32m  OK  [0m] Started Dispatcher daemon for systemd-networkd.
[[0;32m  OK  [0m] Started Snap Daemon.
         Starting Wait until snapd is fully seeded...
         Starting Time & Date Service...
[[0;32m  OK  [0m] Started Time & Date Service.
[[0;32m  OK  [0m] Started Pollinate to seed the pseudo random number generator.
         Starting OpenBSD Secure Shell server...
[[0;32m  OK  [0m] Started OpenBSD Secure Shell server.
[[0;32m  OK  [0m] Created slice User Slice of vagrant.
         Starting User Manager for UID 1000...
[[0;32m  OK  [0m] Started Session 1 of user vagrant.
[[0;32m  OK  [0m] Started User Manager for UID 1000.

Ubuntu 18.04.6 LTS ubuntu-bionic ttyS0

ubuntu-bionic login: [   25.573221] cloud-init[1660]: Cloud-init v. 23.1.2-0ubuntu0~18.04.1 running 'modules:config' at Thu, 12 Dec 2024 10:31:20 +0000. Up 25.12 seconds.
ci-info: no authorized SSH keys fingerprints found for user ubuntu.
<14>Dec 12 10:31:21 cloud-init: #############################################################
<14>Dec 12 10:31:21 cloud-init: -----BEGIN SSH HOST KEY FINGERPRINTS-----
<14>Dec 12 10:31:21 cloud-init: 1024 SHA256:c36rg1ldyFT36Nk3KCX8XDex+vLhihRjUt0WbBOHp1I root@ubuntu-bionic (DSA)
<14>Dec 12 10:31:21 cloud-init: 256 SHA256:sRusszkRuaPJ8dv1Ltvq0xXlizEz7tZhqRBDPZq/Rfo root@ubuntu-bionic (ECDSA)
<14>Dec 12 10:31:21 cloud-init: 256 SHA256:lbkV2yWv4R/T6EX2GV5ZTZ3BLt0nKE02RJZeNZ3dN94 root@ubuntu-bionic (ED25519)
<14>Dec 12 10:31:21 cloud-init: 2048 SHA256:/xtKvH/GH2J7hAXMEwkefV79fVQkT40THloQ1lVKJZU root@ubuntu-bionic (RSA)
<14>Dec 12 10:31:21 cloud-init: -----END SSH HOST KEY FINGERPRINTS-----
<14>Dec 12 10:31:21 cloud-init: #############################################################
-----BEGIN SSH HOST KEY KEYS-----
ecdsa-sha2-nistp256 AAAAE2VjZHNhLXNoYTItbmlzdHAyNTYAAAAIbmlzdHAyNTYAAABBBL3F0gRcQ4k3Y1vyb5+P43fvhx1N2O+tBtHh5OV/AWAE+L4NyUjgbRXY3cs79BzsEPfJPR21WqRePJPi4hajeVo= root@ubuntu-bionic
ssh-ed25519 AAAAC3NzaC1lZDI1NTE5AAAAIIVYQwxT+s/DGq41KfKr/J7sTEzC2xa9xL+VdioZok5/ root@ubuntu-bionic
ssh-rsa AAAAB3NzaC1yc2EAAAADAQABAAABAQD21j9p3Ns+fg/8al/Z0IPbtGjQsXsZP5LEGHPI0X0jRvUfW/FoXJ1PWUrrF9e2ucrWjmpAS6R4CGO7go9xBJhwEF9m05I9SgXjz/Ttgpk9xSLNRoly8qhSNS81RfE+otIdNjShF5LZrxj+bbjCYoVjVdzpcTblkI34Id3/Z+R3upMYR2RSs63heSAW4vUBs7eYiinoShpMtXiqAwzSHNxTZpB+Xjf88oNRlBkcRALRn1mX243eWPUBIgAkBKq315qf/T/QrMY8zEUlC9E0YnOeZAwriOi6tfw6LgTbwL7UicMGIqPcatoizezdL8OOu/m5Lz3nwW3XO47UHt0bkbaz root@ubuntu-bionic
-----END SSH HOST KEY KEYS-----
[   26.607287] cloud-init[1796]: Cloud-init v. 23.1.2-0ubuntu0~18.04.1 running 'modules:final' at Thu, 12 Dec 2024 10:31:21 +0000. Up 26.37 seconds.
[   26.607338] cloud-init[1796]: Cloud-init v. 23.1.2-0ubuntu0~18.04.1 finished at Thu, 12 Dec 2024 10:31:21 +0000. Datasource DataSourceNoCloud [seed=/dev/sdb][dsmode=net].  Up 26.59 seconds
[[0;32m  OK  [0m] Stopped Unattended Upgrades Shutdown.
[[0;32m  OK  [0m] Stopped target Graphical Interface.
[[0;32m  OK  [0m] Stopped target Cloud-init target.
         Stopping User Manager for UID 1000...
         Stopping Availability of block devices...
[[0;32m  OK  [0m] Closed Load/Save RF Kill Switch Status /dev/rfkill Watch.
[[0;32m  OK  [0m] Stopped target Timers.
[[0;32m  OK  [0m] Stopped Ubuntu Advantage Timer for running repeated jobs.
[[0;32m  OK  [0m] Stopped Daily Cleanup of Temporary Directories.
[[0;32m  OK  [0m] Stopped Message of the Day.
[[0;32m  OK  [0m] Stopped Daily apt upgrade and clean activities.
[[0;32m  OK  [0m] Stopped Daily apt download activities.
         Stopping Accounts Service...
         Stopping Session 7 of user vagrant.
[[0;32m  OK  [0m] Stopped Discard unused blocks once a week.
[[0;32m  OK  [0m] Stopped target System Time Synchronized.
[[0;32m  OK  [0m] Stopped Execute cloud user/final scripts.
[[0;32m  OK  [0m] Stopped target Multi-User System.
         Stopping LXD - container startup/shutdown...
         Stopping D-Bus System Message Bus...
         Stopping OpenBSD Secure Shell server...
[[0;32m  OK  [0m] Stopped target Login Prompts.
         Stopping Serial Getty on ttyS0...
         Stopping Getty on tty1...
         Stopping System Logging Service...
         Stopping FUSE filesystem for LXC...
         Stopping Deferred execution scheduler...
         Stopping irqbalance daemon...
         Stopping The Apache HTTP Server...
         Stopping LSB: Record successful boot for GRUB...
         Stopping Virtualbox guest utils...
         Stopping Dispatcher daemon for systemd-networkd...
         Stopping LSB: automatic crash report generation...
[[0;32m  OK  [0m] Stopped Apply the settings specified in cloud-config.
[[0;32m  OK  [0m] Stopped Wait until snapd is fully seeded.
[[0;32m  OK  [0m] Stopped target Cloud-config availability.
         Stopping Authorization Manager...
         Stopping Regular background program processing daemon...
[[0;32m  OK  [0m] Unmounted /var/lib/lxcfs.
[[0;32m  OK  [0m] Stopped Deferred execution scheduler.
[[0;32m  OK  [0m] Stopped irqbalance daemon.
[[0;32m  OK  [0m] Stopped Regular background program processing daemon.
[[0;32m  OK  [0m] Stopped Dispatcher daemon for systemd-networkd.
[[0;32m  OK  [0m] Stopped Accounts Service.
[[0;32m  OK  [0m] Stopped System Logging Service.
[[0;32m  OK  [0m] Stopped Serial Getty on ttyS0.
[[0;32m  OK  [0m] Stopped Authorization Manager.
[[0;32m  OK  [0m] Stopped Getty on tty1.
[[0;32m  OK  [0m] Stopped OpenBSD Secure Shell server.
[[0;32m  OK  [0m] Stopped User Manager for UID 1000.
[[0;32m  OK  [0m] Stopped Availability of block devices.
[[0;32m  OK  [0m] Stopped D-Bus System Message Bus.
[[0;32m  OK  [0m] Stopped FUSE filesystem for LXC.
[[0;32m  OK  [0m] Stopped Session 7 of user vagrant.
[[0;32m  OK  [0m] Stopped The Apache HTTP Server.
[[0;32m  OK  [0m] Stopped target Host and Network Name Lookups.
[[0;32m  OK  [0m] Removed slice User Slice of vagrant.
         Stopping Login Service...
[[0;32m  OK  [0m] Removed slice system-getty.slice.
[[0;32m  OK  [0m] Stopped target Login Prompts (Pre).
         Stopping Permit User Sessions...
[[0;32m  OK  [0m] Removed slice system-serial\x2dgetty.slice.
[[0;32m  OK  [0m] Stopped LXD - container startup/shutdown.
[[0;32m  OK  [0m] Stopped LSB: Record successful boot for GRUB.
[[0;32m  OK  [0m] Stopped Virtualbox guest utils.
[[0;32m  OK  [0m] Stopped LSB: automatic crash report generation.
[[0;32m  OK  [0m] Stopped Permit User Sessions.
[[0;32m  OK  [0m] Stopped target Remote File Systems.
         Unmounting /vagrant...
[[0;32m  OK  [0m] Stopped Login Service.
[[0;32m  OK  [0m] Unmounted /vagrant.
[[0;32m  OK  [0m] Stopped target Network is Online.
[[0;32m  OK  [0m] Stopped target Remote File Systems (Pre).
[[0;32m  OK  [0m] Stopped target Network.
         Stopping Network Name Resolution...
[[0;32m  OK  [0m] Stopped target User and Group Name Lookups.
[[0;32m  OK  [0m] Stopped target Basic System.
[[0;32m  OK  [0m] Stopped target Sockets.
[[0;32m  OK  [0m] Closed Socket activation for snappy daemon.
[[0;32m  OK  [0m] Closed Syslog Socket.
[[0;32m  OK  [0m] Closed LXD - unix socket.
[[0;32m  OK  [0m] Closed UUID daemon activation socket.
[[0;32m  OK  [0m] Closed Open-iSCSI iscsid Socket.
[[0;32m  OK  [0m] Closed ACPID Listen Socket.
[[0;32m  OK  [0m] Closed cloud-init hotplug hook socket.
[[0;32m  OK  [0m] Closed D-Bus System Message Bus Socket.
[[0;32m  OK  [0m] Stopped target Slices.
[[0;32m  OK  [0m] Removed slice User and Session Slice.
[[0;32m  OK  [0m] Stopped target Paths.
[[0;32m  OK  [0m] Stopped ACPI Events Check.
[[0;32m  OK  [0m] Stopped target System Initialization.
[[0;32m  OK  [0m] Stopped target Local Encrypted Volumes.
[[0;32m  OK  [0m] Stopped Dispatch Password Requests to Console Directory Watch.
[[0;32m  OK  [0m] Stopped Forward Password Requests to Wall Directory Watch.
         Stopping Update UTMP about System Boot/Shutdown...
[[0;32m  OK  [0m] Stopped Initial cloud-init job (metadata service crawler).
         Stopping Load/Save Random Seed...
[[0;32m  OK  [0m] Stopped Commit a transient machine-id on disk.
[[0;32m  OK  [0m] Stopped Network Name Resolution.
         Stopping Network Service...
[[0;32m  OK  [0m] Stopped Update UTMP about System Boot/Shutdown.
[[0;32m  OK  [0m] Stopped Load/Save Random Seed.
[[0;32m  OK  [0m] Stopped Create Volatile Files and Directories.
[[0;32m  OK  [0m] Stopped target Local File Systems.
[[0;32m  OK  [0m] Stopped target Mounted snaps.
[[0;32m  OK  [0m] Stopped target Mounting snaps.
         Unmounting /run/user/1000...
[[0;32m  OK  [0m] Unmounted /run/user/1000.
[[0;32m  OK  [0m] Reached target Unmount All Filesystems.
[[0;32m  OK  [0m] Stopped target Swap.
[[0;32m  OK  [0m] Stopped target Local File Systems (Pre).
         Stopping Monitoring of LVM2 mirrorsâ€¦ng dmeventd or progress polling...
[[0;32m  OK  [0m] Stopped Create Static Device Nodes in /dev.
[[0;32m  OK  [0m] Stopped Network Service.
[[0;32m  OK  [0m] Stopped target Network (Pre).
[[0;32m  OK  [0m] Stopped Initial cloud-init job (pre-networking).
[[0;32m  OK  [0m] Stopped Remount Root and Kernel File Systems.
[[0;32m  OK  [0m] Stopped Apply Kernel Variables.
[[0;32m  OK  [0m] Stopped Load Kernel Modules.
[[0;32m  OK  [0m] Reached target Shutdown.
[[0;32m  OK  [0m] Reached target Final Step.
         Starting Power-Off...
[[0;32m  OK  [0m] Stopped Monitoring of LVM2 mirrors,â€¦sing dmeventd or progress polling.
         Stopping LVM2 metadata daemon...
[[0;32m  OK  [0m] Stopped LVM2 metadata daemon.
[ 1976.179339] reboot: Power down
